Microchip MPLAB XC8 Compiler V2.41

Linker command line:

-W-3 \
  --edf=C:/Program Files/Microchip/MPLABX/v6.15/packs/Microchip/PIC18Fxxxx_DFP/1.4.151/xc8\pic\dat\20230323171731_en.msgs \
  -cn -h+dist/default/debug\Project_One.debug.sym \
  --cmf=dist/default/debug\Project_One.debug.cmf -z -Q18F4620 \
  -oC:\Users\DELL\AppData\Local\Temp\xcAsde8.\driver_tmp_3.o \
  --defsym=__MPLAB_BUILD=1 --fixupoverflow=error \
  -Mdist/default/debug/Project_One.debug.map \
  --md=C:\Users\DELL\AppData\Local\Temp\xcAsde8.\driver_tmp_0.dat -E1 \
  -ver=XC8 Compiler --acfsm=1493 -ACODE=00h-0FFFFh -ACONST=00h-0FFFFh \
  -ASMALLCONST=01000h-010FFhx240 -AMEDIUMCONST=01000h-0FFFFh \
  -ACOMRAM=01h-07Fh -AABS1=00h-0F7Fh -ABIGRAM=01h-0F7Fh \
  -ARAM=080h-0FFh,0100h-01FFhx14,0F00h-0F7Fh -ABANK0=080h-0FFh \
  -ABANK1=0100h-01FFh -ABANK2=0200h-02FFh -ABANK3=0300h-03FFh \
  -ABANK4=0400h-04FFh -ABANK5=0500h-05FFh -ABANK6=0600h-06FFh \
  -ABANK7=0700h-07FFh -ABANK8=0800h-08FFh -ABANK9=0900h-09FFh \
  -ABANK10=0A00h-0AFFh -ABANK11=0B00h-0BFFh -ABANK12=0C00h-0CFFh \
  -ABANK13=0D00h-0DFFh -ABANK14=0E00h-0EFFh -ABANK15=0F00h-0F7Fh \
  -ASFR=0F80h-0FFFh -ABIGSFR=0F80h-0FFFh -ACONFIG=0300000h-030000Dh \
  -AIDLOC=0200000h-0200007h -AEEDATA=0F00000h-0F003FFh -peeprom_data=EEDATA \
  -preset_vec=00h,intcode=08h,intcodelo,powerup,init -pramtop=01000h \
  -psmallconst=SMALLCONST -pmediumconst=MEDIUMCONST -pconst=CONST \
  -AFARRAM=00h-00h \
  -prdata=COMRAM,nvrram=COMRAM,nvbit=COMRAM,rbss=COMRAM,rbit=COMRAM \
  -pfarbss=FARRAM,fardata=FARRAM,nvFARRAM=FARRAM \
  -pintsave_regs=BIGRAM,bigbss=BIGRAM,bigdata=BIGRAM -pbss=RAM \
  -pidata=CODE,irdata=CODE,ibigdata=CODE,ifardata=CODE -prparam=COMRAM \
  C:\Users\DELL\AppData\Local\Temp\xcAsde8.\driver_tmp_9.o \
  dist/default/debug\Project_One.debug.o 

Object code version is 3.11

Machine type is 18F4620



                Name                               Link     Load   Length Selector   Space Scale
C:\Users\DELL\AppData\Local\Temp\xcAsde8.\driver_tmp_9.o
                config                           300000   300000        E        0       4
                init                                  E        E        4        4       0
                reset_vec                             0        0        4        0       0
dist/default/debug\Project_One.debug.o
                intcode                               8        8        6        4       0
                config                           300000   300000        E        0       4
                temp                                 6E       6E        1        1       1
                smallconst                         1000     1000        8      800       0
                text21                             1A9C     1A9C        4      CFA       0
                text20                             1A98     1A98        4      CFA       0
                text19                             1A94     1A94        4      CFA       0
                text18                             1A90     1A90        4      CFA       0
                text17                             1A5C     1A5C       1A      CFA       0
                text16                             1A42     1A42       1A      CFA       0
                text15                             1A28     1A28       1A      CFA       0
                text14                             1A0E     1A0E       1A      CFA       0
                text13                             1A84     1A84        C      CFA       0
                text12                             1656     1656       92      804       0
                text11                             185A     185A       72      804       0
                text10                             1A76     1A76        E      CFA       0
                text9                              1974     1974       36      804       0
                intcode_body                       1008     1008      316      804       0
                text7                              131E     131E      14A      804       0
                text6                              1468     1468      142      804       0
                text5                              17E8     17E8       72      804       0
                text4                              16E8     16E8       82      804       0
                text3                              176A     176A       7E      804       0
                text2                              15AA     15AA       AC      804       0
                text1                              19AA     19AA       2A      804       0
                text0                              19F4     19F4       1A      CFA       0
                cstackCOMRAM                         59       59       15        1       1
                cstackBANK0                          C4       C4        F       80       1
                dataBANK0                            80       80       44       80       1
                bssBANK0                             D3       D3        6       80       1
                dataCOMRAM                           3A       3A       1F        1       1
                bssCOMRAM                             1        1       39        1       1
                cinit                              18CC     18CC       64      804       0
                idataBANK0                         1930     1930       44      804       0
                idataCOMRAM                        19D4     19D4       1F      804       0

TOTAL           Name                               Link     Load   Length     Space
        CLASS   CODE           
                intcode                               8        8        6         0
                init                                  E        E        4         0
                reset_vec                             0        0        4         0
                text21                             1A9C     1A9C        4         0
                text20                             1A98     1A98        4         0
                text19                             1A94     1A94        4         0
                text18                             1A90     1A90        4         0
                text17                             1A5C     1A5C       1A         0
                text16                             1A42     1A42       1A         0
                text15                             1A28     1A28       1A         0
                text14                             1A0E     1A0E       1A         0
                text13                             1A84     1A84        C         0
                text12                             1656     1656       92         0
                text11                             185A     185A       72         0
                text10                             1A76     1A76        E         0
                text9                              1974     1974       36         0
                intcode_body                       1008     1008      316         0
                text7                              131E     131E      14A         0
                text6                              1468     1468      142         0
                text5                              17E8     17E8       72         0
                text4                              16E8     16E8       82         0
                text3                              176A     176A       7E         0
                text2                              15AA     15AA       AC         0
                text1                              19AA     19AA       2A         0
                text0                              19F4     19F4       1A         0
                cinit                              18CC     18CC       64         0
                idataBANK0                         1930     1930       44         0
                idataCOMRAM                        19D4     19D4       1F         0

        CLASS   CONST          

        CLASS   SMALLCONST     
                smallconst                         1000     1000        8         0

        CLASS   MEDIUMCONST    

        CLASS   COMRAM         
                temp                                 6E       6E        1         1
                cstackCOMRAM                         59       59       15         1
                dataCOMRAM                           3A       3A       1F         1
                bssCOMRAM                             1        1       39         1

        CLASS   ABS1           

        CLASS   BIGRAM         

        CLASS   RAM            

        CLASS   BANK0          
                cstackBANK0                          C4       C4        F         1
                dataBANK0                            80       80       44         1
                bssBANK0                             D3       D3        6         1

        CLASS   BANK1          

        CLASS   BANK2          

        CLASS   BANK3          

        CLASS   BANK4          

        CLASS   BANK5          

        CLASS   BANK6          

        CLASS   BANK7          

        CLASS   BANK8          

        CLASS   BANK9          

        CLASS   BANK10         

        CLASS   BANK11         

        CLASS   BANK12         

        CLASS   BANK13         

        CLASS   BANK14         

        CLASS   BANK15         

        CLASS   SFR            

        CLASS   BIGSFR         

        CLASS   CONFIG         
                config                           300000   300000        E         4

        CLASS   IDLOC          

        CLASS   EEDATA         

        CLASS   FARRAM         

        CLASS   HEAP           

        CLASS   STACK          



SEGMENTS        Name                           Load    Length   Top    Selector   Space  Class

                reset_vec                      000000  000004  000004         0       0  CODE    
                bssCOMRAM                      000001  00006E  00006F         1       1  COMRAM  
                intcode                        000008  00000A  000012         4       0  CODE    
                dataBANK0                      000080  000059  0000D9        80       1  BANK0   
                smallconst                     001000  000008  001008       800       0  SMALLCON
                intcode_body                   001008  0009EB  0019F3       804       0  CODE    
                text0                          0019F4  0000AC  001AA0       CFA       0  CODE    


UNUSED ADDRESS RANGES

        Name                Unused          Largest block    Delta
        BANK0            0000D9-0000FF               27
        BANK1            000100-0001FF              100
        BANK10           000A00-000AFF              100
        BANK11           000B00-000BFF              100
        BANK12           000C00-000CFF              100
        BANK13           000D00-000DFF              100
        BANK14           000E00-000EFF              100
        BANK15           000F00-000F7F               80
        BANK2            000200-0002FF              100
        BANK3            000300-0003FF              100
        BANK4            000400-0004FF              100
        BANK5            000500-0005FF              100
        BANK6            000600-0006FF              100
        BANK7            000700-0007FF              100
        BANK8            000800-0008FF              100
        BANK9            000900-0009FF              100
        BIGRAM           00006F-00007F               11
                         0000D9-000F7F              EA7
        BIGSFR           000F80-000FFF               80
        CODE             000004-000007                4
                         000012-000FFF              FEE
                         0019F3-0019F3                1
                         001AA0-00FFFF             E560
        COMRAM           00006F-00007F               11
        CONST            000004-000007                4
                         000012-000FFF              FEE
                         0019F3-0019F3                1
                         001AA0-00FFFF             E560
        EEDATA           F00000-F003FF              400
        IDLOC            200000-200007                8
        MEDIUMCONST      0019F3-0019F3                1
                         001AA0-00FFFF             E560
        RAM              0000D9-000F7F              100
        SFR              000F80-000FFF               80
        SMALLCONST       0019F3-0019F3                1
                         001AA0-00FFFF              100

                                  Symbol Table

RB4_ISR@source                          cstackCOMRAM 000059
RB5_ISR@source                          cstackCOMRAM 000059
RB6_ISR@source                          cstackCOMRAM 000059
RB7_ISR@source                          cstackCOMRAM 000059
Relay_Initialize@F3042                  bssCOMRAM    000025
Relay_Turn_OFF@F3052                    bssCOMRAM    000023
Relay_Turn_ON@F3047                     bssCOMRAM    000024
Timer1_Init@ret                         cstackBANK0  0000C6
Timer1_Init@timer1                      cstackCOMRAM 00006C
Timer1_Mode_Select@timer1               cstackCOMRAM 00006A
_ADCON0bits                             (abs)        000FC2
_ADCON1bits                             (abs)        000FC1
_ADCON2bits                             (abs)        000FC0
_ADC_ISR                                text21       001A9C
_ADC_Interrupt_Handular                 bssCOMRAM    000021
_ADRESH                                 (abs)        000FC4
_ADRESL                                 (abs)        000FC3
_EEADR                                  (abs)        000FA9
_EEADRH                                 (abs)        000FAA
_EECON1bits                             (abs)        000FA6
_EECON2                                 (abs)        000FA7
_EEDATA                                 (abs)        000FA8
_INT0_ISR                               text20       001A98
_INT0_Interrupt_Handular                bssCOMRAM    00001F
_INT1_ISR                               text19       001A94
_INT1_Interrupt_Handular                bssCOMRAM    00001D
_INT2_ISR                               text18       001A90
_INT2_Interrupt_Handular                bssCOMRAM    00001B
_INTCON2bits                            (abs)        000FF1
_INTCON3bits                            (abs)        000FF0
_INTCONbits                             (abs)        000FF2
_Interrupt_Manager                      intcode      000008
_LATA                                   (abs)        000F89
_LATB                                   (abs)        000F8A
_LATC                                   (abs)        000F8B
_LATD                                   (abs)        000F8C
_LATE                                   (abs)        000F8D
_PIE1bits                               (abs)        000F9D
_PIR1bits                               (abs)        000F9E
_PORTA                                  (abs)        000F80
_PORTB                                  (abs)        000F81
_PORTBbits                              (abs)        000F81
_PORTC                                  (abs)        000F82
_PORTD                                  (abs)        000F83
_PORTE                                  (abs)        000F84
_RB4_Flag                               dataCOMRAM   000051
_RB4_ISR                                text17       001A5C
_RB4_Interrupt_Handular_HIGH            bssCOMRAM    000019
_RB4_Interrupt_Handular_LOW             bssCOMRAM    000017
_RB5_Flag                               dataCOMRAM   000050
_RB5_ISR                                text16       001A42
_RB5_Interrupt_Handular_HIGH            bssCOMRAM    000015
_RB5_Interrupt_Handular_LOW             bssCOMRAM    000013
_RB6_Flag                               dataCOMRAM   00004F
_RB6_ISR                                text15       001A28
_RB6_Interrupt_Handular_HIGH            bssCOMRAM    000011
_RB6_Interrupt_Handular_LOW             bssCOMRAM    00000F
_RB7_Flag                               dataCOMRAM   00004E
_RB7_ISR                                text14       001A0E
_RB7_Interrupt_Handular_HIGH            bssCOMRAM    00000D
_RB7_Interrupt_Handular_LOW             bssCOMRAM    00000B
_T0CONbits                              (abs)        000FD5
_T1CONbits                              (abs)        000FCD
_TIMER0_ISR                             text13       001A84
_TIMER1_ISR                             text9        001974
_TMR0H                                  (abs)        000FD7
_TMR0L                                  (abs)        000FD6
_TMR0_Interrupt_Hundeler                bssCOMRAM    000009
_TMR1H                                  (abs)        000FCF
_TMR1L                                  (abs)        000FCE
_TMR1_Interrupt_Hundeler                bssCOMRAM    000003
_TRISA                                  (abs)        000F92
_TRISB                                  (abs)        000F93
_TRISC                                  (abs)        000F94
_TRISD                                  (abs)        000F95
_TRISE                                  (abs)        000F96
_Timer1_Init                            text2        0015AA
_Timer1_Interrupt_Hundeller             text10       001A76
_Timer1_Mode_Select                     text3        00176A
__HRAM                                  (abs)        000000
__H__absolute__                         __absolute__ 000000
__Habs1                                 abs1         000000
__Hbank0                                bank0        000000
__Hbank1                                bank1        000000
__Hbank10                               bank10       000000
__Hbank11                               bank11       000000
__Hbank12                               bank12       000000
__Hbank13                               bank13       000000
__Hbank14                               bank14       000000
__Hbank15                               bank15       000000
__Hbank2                                bank2        000000
__Hbank3                                bank3        000000
__Hbank4                                bank4        000000
__Hbank5                                bank5        000000
__Hbank6                                bank6        000000
__Hbank7                                bank7        000000
__Hbank8                                bank8        000000
__Hbank9                                bank9        000000
__Hbigbss                               bigbss       000000
__Hbigdata                              bigdata      000000
__Hbigram                               bigram       000000
__Hbigsfr                               bigsfr       000000
__Hbss                                  bss          000000
__HbssBANK0                             bssBANK0     000000
__HbssCOMRAM                            bssCOMRAM    000000
__Hcinit                                cinit        000000
__Hclrtext                              clrtext      000000
__Hcomram                               comram       000000
__Hconfig                               config       30000E
__Hconst                                const        000000
__HcstackBANK0                          cstackBANK0  000000
__HcstackCOMRAM                         cstackCOMRAM 000000
__Hdata                                 data         000000
__HdataBANK0                            dataBANK0    000000
__HdataCOMRAM                           dataCOMRAM   000000
__Heeprom_data                          eeprom_data  000000
__Hfarbss                               farbss       000000
__Hfardata                              fardata      000000
__Hheap                                 heap         000000
__Hibigdata                             ibigdata     000000
__Hidata                                idata        000000
__HidataBANK0                           idataBANK0   000000
__HidataCOMRAM                          idataCOMRAM  000000
__Hidloc                                idloc        000000
__Hifardata                             ifardata     000000
__Hinit                                 init         000012
__Hintcode                              intcode      00000E
__Hintcode_body                         intcode_body 000000
__Hintcodelo                            intcodelo    00000E
__Hintentry                             intentry     000000
__Hintret                               intret       000000
__Hintsave_regs                         intsave_regs 000000
__Hirdata                               irdata       000000
__Hmediumconst                          mediumconst  000000
__HnvFARRAM                             nvFARRAM     000000
__Hnvbit                                nvbit        000000
__Hnvrram                               nvrram       000000
__Hparam                                rparam       000000
__Hpowerup                              powerup      00000E
__Hram                                  ram          000000
__Hramtop                               ramtop       001000
__Hrbit                                 rbit         000000
__Hrbss                                 rbss         000000
__Hrdata                                rdata        000000
__Hreset_vec                            reset_vec    000004
__Hrparam                               rparam       000000
__Hsfr                                  sfr          000000
__Hsmallconst                           smallconst   001008
__Hspace_0                              (abs)        001AA0
__Hspace_1                              (abs)        0000D9
__Hspace_2                              (abs)        000000
__Hspace_4                              (abs)        60000E
__Hstack                                stack        000000
__Hstruct                               struct       000000
__Htemp                                 temp         00006F
__Htext                                 text         000000
__Htext0                                text0        000000
__Htext1                                text1        000000
__Htext10                               text10       000000
__Htext11                               text11       000000
__Htext12                               text12       000000
__Htext13                               text13       000000
__Htext14                               text14       000000
__Htext15                               text15       000000
__Htext16                               text16       000000
__Htext17                               text17       000000
__Htext18                               text18       000000
__Htext19                               text19       000000
__Htext2                                text2        000000
__Htext20                               text20       000000
__Htext21                               text21       000000
__Htext22                               text22       000000
__Htext3                                text3        000000
__Htext4                                text4        000000
__Htext5                                text5        000000
__Htext6                                text6        000000
__Htext7                                text7        000000
__Htext9                                text9        000000
__LRAM                                  (abs)        000001
__L__absolute__                         __absolute__ 000000
__Labs1                                 abs1         000000
__Lbank0                                bank0        000000
__Lbank1                                bank1        000000
__Lbank10                               bank10       000000
__Lbank11                               bank11       000000
__Lbank12                               bank12       000000
__Lbank13                               bank13       000000
__Lbank14                               bank14       000000
__Lbank15                               bank15       000000
__Lbank2                                bank2        000000
__Lbank3                                bank3        000000
__Lbank4                                bank4        000000
__Lbank5                                bank5        000000
__Lbank6                                bank6        000000
__Lbank7                                bank7        000000
__Lbank8                                bank8        000000
__Lbank9                                bank9        000000
__Lbigbss                               bigbss       000000
__Lbigdata                              bigdata      000000
__Lbigram                               bigram       000000
__Lbigsfr                               bigsfr       000000
__Lbss                                  bss          000000
__LbssBANK0                             bssBANK0     000000
__LbssCOMRAM                            bssCOMRAM    000000
__Lcinit                                cinit        000000
__Lclrtext                              clrtext      000000
__Lcomram                               comram       000000
__Lconfig                               config       000000
__Lconst                                const        000000
__LcstackBANK0                          cstackBANK0  000000
__LcstackCOMRAM                         cstackCOMRAM 000000
__Ldata                                 data         000000
__LdataBANK0                            dataBANK0    000000
__LdataCOMRAM                           dataCOMRAM   000000
__Leeprom_data                          eeprom_data  000000
__Lfarbss                               farbss       000000
__Lfardata                              fardata      000000
__Lheap                                 heap         000000
__Libigdata                             ibigdata     000000
__Lidata                                idata        000000
__LidataBANK0                           idataBANK0   000000
__LidataCOMRAM                          idataCOMRAM  000000
__Lidloc                                idloc        000000
__Lifardata                             ifardata     000000
__Linit                                 init         00000E
__Lintcode                              intcode      000008
__Lintcode_body                         intcode_body 000000
__Lintcodelo                            intcodelo    00000E
__Lintentry                             intentry     000000
__Lintret                               intret       000000
__Lintsave_regs                         intsave_regs 000000
__Lirdata                               irdata       000000
__Lmediumconst                          mediumconst  000000
__LnvFARRAM                             nvFARRAM     000000
__Lnvbit                                nvbit        000000
__Lnvrram                               nvrram       000000
__Lparam                                rparam       000000
__Lpowerup                              powerup      00000E
__Lram                                  ram          000000
__Lramtop                               ramtop       001000
__Lrbit                                 rbit         000000
__Lrbss                                 rbss         000000
__Lrdata                                rdata        000000
__Lreset_vec                            reset_vec    000000
__Lrparam                               rparam       000000
__Lsfr                                  sfr          000000
__Lsmallconst                           smallconst   001000
__Lspace_0                              (abs)        000000
__Lspace_1                              (abs)        000000
__Lspace_2                              (abs)        000000
__Lspace_4                              (abs)        000000
__Lstack                                stack        000000
__Lstruct                               struct       000000
__Ltemp                                 temp         00006E
__Ltext                                 text         000000
__Ltext0                                text0        000000
__Ltext1                                text1        000000
__Ltext10                               text10       000000
__Ltext11                               text11       000000
__Ltext12                               text12       000000
__Ltext13                               text13       000000
__Ltext14                               text14       000000
__Ltext15                               text15       000000
__Ltext16                               text16       000000
__Ltext17                               text17       000000
__Ltext18                               text18       000000
__Ltext19                               text19       000000
__Ltext2                                text2        000000
__Ltext20                               text20       000000
__Ltext21                               text21       000000
__Ltext22                               text22       000000
__Ltext3                                text3        000000
__Ltext4                                text4        000000
__Ltext5                                text5        000000
__Ltext6                                text6        000000
__Ltext7                                text7        000000
__Ltext9                                text9        000000
__S0                                    (abs)        001AA0
__S1                                    (abs)        0000D9
__S4                                    (abs)        000000
__S5                                    (abs)        000000
___heap_hi                              (abs)        000000
___heap_lo                              (abs)        000000
___inthi_sp                             stack        000000
___intlo_sp                             stack        000000
___param_bank                           (abs)        000000
___rparam_used                          (abs)        000001
___sp                                   stack        000000
__accesstop                             (abs)        000080
__activetblptr                          (abs)        000003
__end_of_ADC_ISR                        text21       001AA0
__end_of_INT0_ISR                       text20       001A9C
__end_of_INT1_ISR                       text19       001A98
__end_of_INT2_ISR                       text18       001A94
__end_of_Interrupt_Manager              intcode_body 00131E
__end_of_RB4_ISR                        text17       001A76
__end_of_RB5_ISR                        text16       001A5C
__end_of_RB6_ISR                        text15       001A42
__end_of_RB7_ISR                        text14       001A28
__end_of_TIMER0_ISR                     text13       001A90
__end_of_TIMER1_ISR                     text9        0019AA
__end_of_Timer1_Init                    text2        001656
__end_of_Timer1_Interrupt_Hundeller     text10       001A84
__end_of_Timer1_Mode_Select             text3        0017E8
__end_of__initialization                cinit        001926
__end_of_gpio_pin_direction_intialize   text7        001468
__end_of_gpio_pin_intialize             text5        00185A
__end_of_gpio_pin_toggle_logic          text12       0016E8
__end_of_gpio_pin_write_logic           text6        0015AA
__end_of_led_initialize                 text4        00176A
__end_of_led_toggle                     text11       0018CC
__end_of_main                           text0        001A0E
__end_of_timer1_timer_generate_500HZ    text1        0019D4
__initialization                        cinit        0018CC
__mediumconst                           mediumconst  000000
__pbssBANK0                             bssBANK0     0000D3
__pbssCOMRAM                            bssCOMRAM    000001
__pcinit                                cinit        0018CC
__pcstackBANK0                          cstackBANK0  0000C4
__pcstackCOMRAM                         cstackCOMRAM 000059
__pdataBANK0                            dataBANK0    000080
__pdataCOMRAM                           dataCOMRAM   00003A
__pidataBANK0                           idataBANK0   001930
__pidataCOMRAM                          idataCOMRAM  0019D4
__pintcode                              intcode      000008
__pintcode_body                         intcode_body 001008
__psmallconst                           smallconst   001000
__ptext0                                text0        0019F4
__ptext1                                text1        0019AA
__ptext10                               text10       001A76
__ptext11                               text11       00185A
__ptext12                               text12       001656
__ptext13                               text13       001A84
__ptext14                               text14       001A0E
__ptext15                               text15       001A28
__ptext16                               text16       001A42
__ptext17                               text17       001A5C
__ptext18                               text18       001A90
__ptext19                               text19       001A94
__ptext2                                text2        0015AA
__ptext20                               text20       001A98
__ptext21                               text21       001A9C
__ptext22                               text22       000000
__ptext3                                text3        00176A
__ptext4                                text4        0016E8
__ptext5                                text5        0017E8
__ptext6                                text6        001468
__ptext7                                text7        00131E
__ptext9                                text9        001974
__ramtop                                ramtop       001000
__smallconst                            smallconst   001000
_counter1_obj                           bssCOMRAM    00002A
_gpio_pin_direction_intialize           text7        00131E
_gpio_pin_intialize                     text5        0017E8
_gpio_pin_toggle_logic                  text12       001656
_gpio_pin_write_logic                   text6        001468
_keypad_btn_values                      dataBANK0    000080
_lat_registers                          dataCOMRAM   00003A
_lcd_1                                  dataCOMRAM   000052
_lcd_2                                  dataBANK0    0000BA
_led1                                   dataCOMRAM   000058
_led_initialize                         text4        0016E8
_led_toggle                             text11       00185A
_main                                   text0        0019F4
_port_registers                         dataBANK0    0000B0
_timer0_preload                         bssCOMRAM    000007
_timer1_obj                             bssCOMRAM    000032
_timer1_on                              bssCOMRAM    000005
_timer1_preload                         bssCOMRAM    000001
_timer1_timer_generate_500HZ            text1        0019AA
_tris_registers                         dataCOMRAM   000044
btemp                                   temp         00006E
end_of_initialization                   cinit        001926
gpio_pin_direction_intialize@pin_config cstackCOMRAM 00006A
gpio_pin_direction_intialize@ret        cstackCOMRAM 00006C
gpio_pin_intialize@pin_config           cstackBANK0  0000CA
gpio_pin_intialize@ret                  cstackBANK0  0000CD
gpio_pin_toggle_logic@pin_config        cstackCOMRAM 000059
gpio_pin_write_logic@logic              cstackCOMRAM 00006C
gpio_pin_write_logic@pin_config         cstackCOMRAM 00006A
gpio_pin_write_logic@ret                cstackCOMRAM 00006D
int$flags                               temp         00006E
int_func                                intcode_body 001008
intlevel0                               text         000000
intlevel1                               text         000000
intlevel2                               text         000000
intlevel3                               text         000000
isa$std                                 (abs)        000001
isa$xinst                               (abs)        000000
led_initialize@F3048                    bssCOMRAM    000029
led_initialize@led                      cstackBANK0  0000CE
led_initialize@pin_obj                  cstackBANK0  0000D2
led_initialize@ret                      cstackBANK0  0000D1
led_toggle@F3063                        bssCOMRAM    000026
led_toggle@led                          cstackCOMRAM 000060
led_toggle@pin_obj                      cstackCOMRAM 000063
led_turn_off@F3058                      bssCOMRAM    000027
led_turn_on@F3053                       bssCOMRAM    000028
stackhi                                 (abs)        000000
stacklo                                 (abs)        000000
start                                   init         00000E
start_initialization                    cinit        0018CC
ttemp5                                  temp         00006F
ttemp6                                  temp         000072
ttemp7                                  temp         000076
wtemp8                                  temp         00006F


MODULE INFORMATION

Module		Function		Class		Link	Load	Size
MCAL_Layer/interrupt/mcal_external_interrupt.c
		_RB4_ISR       		CODE           	1A5C	0000	26
		_RB5_ISR       		CODE           	1A42	0000	26
		_RB6_ISR       		CODE           	1A28	0000	26
		_RB7_ISR       		CODE           	1A0E	0000	26
		_INT0_ISR      		CODE           	1A98	0000	4
		_INT1_ISR      		CODE           	1A94	0000	4
		_INT2_ISR      		CODE           	1A90	0000	4

MCAL_Layer/interrupt/mcal_external_interrupt.c estimated size: 116

MCAL_Layer/Timer/hal_Timer0.c
		_TIMER0_ISR    		CODE           	1A84	0000	12

MCAL_Layer/Timer/hal_Timer0.c estimated size: 12

shared
		__initialization		CODE           	18CC	0000	90

shared estimated size: 90

MCAL_Layer/ADC/hal_adc.c
		_ADC_ISR       		CODE           	1A9C	0000	4

MCAL_Layer/ADC/hal_adc.c estimated size: 4

MCAL_Layer/GPIO/hal_gpio.c
		_gpio_pin_write_logic		CODE           	1468	0000	322
		_gpio_pin_intialize		CODE           	17E8	0000	114
		_gpio_pin_direction_intialize		CODE           	131E	0000	330
		_gpio_pin_toggle_logic		CODE           	1656	0000	146

MCAL_Layer/GPIO/hal_gpio.c estimated size: 912

ECU_Layer/LED/ecu_led.c
		_led_initialize		CODE           	16E8	0000	130
		_led_toggle    		CODE           	185A	0000	114

ECU_Layer/LED/ecu_led.c estimated size: 244

application.c
		_timer1_timer_generate_500HZ		CODE           	19AA	0000	42
		_main          		CODE           	19F4	0000	26
		_Timer1_Interrupt_Hundeller		CODE           	1A76	0000	14

application.c estimated size: 82

MCAL_Layer/Timer1/hal_timer1.c
		_Timer1_Mode_Select		CODE           	176A	0000	126
		_TIMER1_ISR    		CODE           	1974	0000	54
		_Timer1_Init   		CODE           	15AA	0000	172

MCAL_Layer/Timer1/hal_timer1.c estimated size: 352

MCAL_Layer/interrupt/mcal_interrupt_manager.c
		_Interrupt_Manager		CODE           	0008	0000	796

MCAL_Layer/interrupt/mcal_interrupt_manager.c estimated size: 796

